// Jest Snapshot v1, https://goo.gl/fbAQLP

exports[`Query sites SITES query returns expected result 1`] = `
Object {
  "sites": Array [
    Object {
      "env": "1130cc",
      "migrated": null,
      "sitename": "1130cc.com",
    },
    Object {
      "env": "1911talk",
      "migrated": null,
      "sitename": "1911talk.com",
    },
    Object {
      "env": "2008ownersclub",
      "migrated": null,
      "sitename": "2008ownersclub.co.uk",
    },
    Object {
      "env": "68forums",
      "migrated": null,
      "sitename": "68forums.com",
    },
    Object {
      "env": "allfordmustangs",
      "migrated": null,
      "sitename": "allfordmustangs.com",
    },
    Object {
      "env": "artistforum",
      "migrated": null,
      "sitename": "artistforum.com",
    },
    Object {
      "env": "astrosafari",
      "migrated": null,
      "sitename": "astrosafari.com",
    },
    Object {
      "env": "audiq3forum",
      "migrated": null,
      "sitename": "audiq3forum.com",
    },
    Object {
      "env": "basketballforum",
      "migrated": null,
      "sitename": "basketballforum.com",
    },
    Object {
      "env": "blowgunforum",
      "migrated": null,
      "sitename": "blowgunforum.com",
    },
    Object {
      "env": "cadillacatsforum",
      "migrated": null,
      "sitename": "cadillacatsforum.com",
    },
    Object {
      "env": "camaros",
      "migrated": null,
      "sitename": "camaros.net",
    },
    Object {
      "env": "canamforum",
      "migrated": null,
      "sitename": "can-amforum.com",
    },
    Object {
      "env": "chevroletcruze",
      "migrated": null,
      "sitename": "chevroletcruze.net",
    },
    Object {
      "env": "chevybolt",
      "migrated": null,
      "sitename": "chevybolt.org",
    },
    Object {
      "env": "cichlidforum",
      "migrated": null,
      "sitename": "cichlid-forum.com",
    },
    Object {
      "env": "clubtouareg",
      "migrated": null,
      "sitename": "clubtouareg.com",
    },
    Object {
      "env": "clubtread",
      "migrated": null,
      "sitename": "clubtread.com",
    },
    Object {
      "env": "cruzetalk",
      "migrated": null,
      "sitename": "cruzetalk.com",
    },
    Object {
      "env": "crxcommunity",
      "migrated": null,
      "sitename": "crxcommunity.com",
    },
    Object {
      "env": "cumminsforum",
      "migrated": null,
      "sitename": "cumminsforum.com",
    },
    Object {
      "env": "custommagnums",
      "migrated": null,
      "sitename": "custommagnums.com",
    },
    Object {
      "env": "defenderforums",
      "migrated": null,
      "sitename": "defenderforums.net",
    },
    Object {
      "env": "digitalhome",
      "migrated": null,
      "sitename": "digitalhome.ca",
    },
    Object {
      "env": "dogfoodchat",
      "migrated": null,
      "sitename": "dogfoodchat.com",
    },
    Object {
      "env": "dseries",
      "migrated": null,
      "sitename": "d-series.org",
    },
    Object {
      "env": "evotuners",
      "migrated": null,
      "sitename": "evotuners.net",
    },
    Object {
      "env": "focusrsclub",
      "migrated": null,
      "sitename": "focusrsclub.com",
    },
    Object {
      "env": "focusst",
      "migrated": null,
      "sitename": "focusst.org",
    },
    Object {
      "env": "fordescape",
      "migrated": null,
      "sitename": "fordescape.org",
    },
    Object {
      "env": "fordtough",
      "migrated": null,
      "sitename": "fordtough.ca",
    },
    Object {
      "env": "fullsizebronco",
      "migrated": null,
      "sitename": "fullsizebronco.com",
    },
    Object {
      "env": "fz07oc",
      "migrated": null,
      "sitename": "fz07oc.com",
    },
    Object {
      "env": "g5club",
      "migrated": null,
      "sitename": "g5club.net",
    },
    Object {
      "env": "g8board",
      "migrated": null,
      "sitename": "g8board.com",
    },
    Object {
      "env": "gacforums",
      "migrated": null,
      "sitename": "gacforums.com",
    },
    Object {
      "env": "gminsidenews",
      "migrated": null,
      "sitename": "gminsidenews.com",
    },
    Object {
      "env": "goosehuntingchat",
      "migrated": null,
      "sitename": "goosehuntingchat.com",
    },
    Object {
      "env": "gt350",
      "migrated": null,
      "sitename": "gt350.org",
    },
    Object {
      "env": "halloweenforum",
      "migrated": null,
      "sitename": "halloweenforum.com",
    },
    Object {
      "env": "havaneseforum",
      "migrated": null,
      "sitename": "havaneseforum.com",
    },
    Object {
      "env": "haytalk",
      "migrated": null,
      "sitename": "haytalk.com",
    },
    Object {
      "env": "hdlivewireforum",
      "migrated": null,
      "sitename": "hdlivewireforum.com",
    },
    Object {
      "env": "hellcat",
      "migrated": null,
      "sitename": "hellcat.org",
    },
    Object {
      "env": "hobbytalk",
      "migrated": null,
      "sitename": "hobbytalk.com",
    },
    Object {
      "env": "horseforum",
      "migrated": null,
      "sitename": "horseforum.com",
    },
    Object {
      "env": "hotrodders",
      "migrated": null,
      "sitename": "hotrodders.com",
    },
    Object {
      "env": "hrvforum",
      "migrated": null,
      "sitename": "hrvforum.com",
    },
    Object {
      "env": "hyundaicoupeclub",
      "migrated": null,
      "sitename": "hyundaicoupeclub.co.uk",
    },
    Object {
      "env": "icefishingchat",
      "migrated": null,
      "sitename": "icefishingchat.com",
    },
    Object {
      "env": "ilxforums",
      "migrated": null,
      "sitename": "ilxforums.com",
    },
    Object {
      "env": "indianmotorcycles",
      "migrated": null,
      "sitename": "indianmotorcycles.net",
    },
    Object {
      "env": "jeepforum",
      "migrated": null,
      "sitename": "jeepforum.com",
    },
    Object {
      "env": "jenkins",
      "migrated": null,
      "sitename": "unittest",
    },
    Object {
      "env": "kiaforums",
      "migrated": null,
      "sitename": "kia-forums.com",
    },
    Object {
      "env": "liveartist",
      "migrated": null,
      "sitename": "artistforum.com",
    },
    Object {
      "env": "maseratilife",
      "migrated": null,
      "sitename": "maseratilife.com",
    },
    Object {
      "env": "masterreg",
      "migrated": null,
      "sitename": "masterreg.com",
    },
    Object {
      "env": "minitorque",
      "migrated": null,
      "sitename": "minitorque.com",
    },
    Object {
      "env": "modeltrainforum",
      "migrated": null,
      "sitename": "modeltrainforum.com",
    },
    Object {
      "env": "mondeostoc",
      "migrated": null,
      "sitename": "mondeostoc.com",
    },
    Object {
      "env": "motorgeek",
      "migrated": null,
      "sitename": "motorgeek.com",
    },
    Object {
      "env": "my",
      "migrated": null,
      "sitename": "my.is",
    },
    Object {
      "env": "myfastgti",
      "migrated": null,
      "sitename": "myfastgti.com",
    },
    Object {
      "env": "newninja",
      "migrated": null,
      "sitename": "newninja.com",
    },
    Object {
      "env": "nissanclub",
      "migrated": null,
      "sitename": "nissanclub.com",
    },
    Object {
      "env": "nokiausers",
      "migrated": null,
      "sitename": "nokiausers.net",
    },
    Object {
      "env": "olddefender",
      "migrated": null,
      "sitename": "defenderforums.net",
    },
    Object {
      "env": "paintballforum",
      "migrated": null,
      "sitename": "paintballforum.com",
    },
    Object {
      "env": "palisadeforum",
      "migrated": null,
      "sitename": "palisadeforum.com",
    },
    Object {
      "env": "piloteers",
      "migrated": null,
      "sitename": "piloteers.org",
    },
    Object {
      "env": "piranhafury",
      "migrated": null,
      "sitename": "piranha-fury.com",
    },
    Object {
      "env": "qa",
      "migrated": null,
      "sitename": "jeepforum.com",
    },
    Object {
      "env": "r8talk",
      "migrated": null,
      "sitename": "r8talk.com",
    },
    Object {
      "env": "ratforum",
      "migrated": null,
      "sitename": "ratforum.com",
    },
    Object {
      "env": "rav4world",
      "migrated": null,
      "sitename": "rav4world.com",
    },
    Object {
      "env": "scirocconet",
      "migrated": null,
      "sitename": "scirocconet.co.uk",
    },
    Object {
      "env": "scramblerforum",
      "migrated": null,
      "sitename": "scramblerforum.com",
    },
    Object {
      "env": "seatforum",
      "migrated": null,
      "sitename": "seat-forum.co.uk",
    },
    Object {
      "env": "shotgunworld",
      "migrated": null,
      "sitename": "shotgunworld.com",
    },
    Object {
      "env": "siennachat",
      "migrated": null,
      "sitename": "siennachat.com",
    },
    Object {
      "env": "sitename",
      "migrated": null,
      "sitename": "sitename.com",
    },
    Object {
      "env": "slingshotforums",
      "migrated": null,
      "sitename": "slingshotforums.com",
    },
    Object {
      "env": "speakev",
      "migrated": null,
      "sitename": "speakev.com",
    },
    Object {
      "env": "srtforums",
      "migrated": null,
      "sitename": "srtforums.com",
    },
    Object {
      "env": "ssrfanatic",
      "migrated": null,
      "sitename": "ssrfanatic.com",
    },
    Object {
      "env": "stingrayforums",
      "migrated": null,
      "sitename": "stingrayforums.com",
    },
    Object {
      "env": "subaruforester",
      "migrated": null,
      "sitename": "subaruforester.org",
    },
    Object {
      "env": "taurusclub",
      "migrated": null,
      "sitename": "taurusclub.com",
    },
    Object {
      "env": "tbssowners",
      "migrated": null,
      "sitename": "tbssowners.com",
    },
    Object {
      "env": "tccoa",
      "migrated": null,
      "sitename": "tccoa.com",
    },
    Object {
      "env": "test",
      "migrated": null,
      "sitename": "unittest",
    },
    Object {
      "env": "thenewx",
      "migrated": null,
      "sitename": "thenewx.org",
    },
    Object {
      "env": "theprofilebrotherhood",
      "migrated": null,
      "sitename": "theprofilebrotherhood.com",
    },
    Object {
      "env": "tidalfish",
      "migrated": null,
      "sitename": "tidalfish.com",
    },
    Object {
      "env": "tractorforum",
      "migrated": null,
      "sitename": "tractorforum.com",
    },
    Object {
      "env": "tradtalk",
      "migrated": null,
      "sitename": "tradtalk.com",
    },
    Object {
      "env": "trailvoy",
      "migrated": null,
      "sitename": "trailvoy.com",
    },
    Object {
      "env": "tundratalk",
      "migrated": null,
      "sitename": "tundratalk.net",
    },
    Object {
      "env": "v6z24",
      "migrated": null,
      "sitename": "v6z24.com",
    },
    Object {
      "env": "vtwinforum",
      "migrated": null,
      "sitename": "v-twinforum.com",
    },
  ],
}
`;
