// Jest Snapshot v1, https://goo.gl/fbAQLP

exports[`Query sites SITES query returns expected result 1`] = `
Object {
  "sites": Array [
    "1130cc: 1130cc.com",
    "1911talk: 1911talk.com",
    "2008ownersclub: 2008ownersclub.co.uk",
    "68forums: 68forums.com",
    "allfordmustangs: allfordmustangs.com",
    "artistforum: artistforum.com",
    "astrosafari: astrosafari.com",
    "audiq3forum: audiq3forum.com",
    "basketballforum: basketballforum.com",
    "blowgunforum: blowgunforum.com",
    "cadillacatsforum: cadillacatsforum.com",
    "camaros: camaros.net",
    "canamforum: can-amforum.com",
    "chevroletcruze: chevroletcruze.net",
    "chevybolt: chevybolt.org",
    "cichlidforum: cichlid-forum.com",
    "clubtouareg: clubtouareg.com",
    "clubtread: clubtread.com",
    "cruzetalk: cruzetalk.com",
    "crxcommunity: crxcommunity.com",
    "cumminsforum: cumminsforum.com",
    "custommagnums: custommagnums.com",
    "defenderforums: defenderforums.net",
    "digitalhome: digitalhome.ca",
    "dogfoodchat: dogfoodchat.com",
    "dseries: d-series.org",
    "evotuners: evotuners.net",
    "focusrsclub: focusrsclub.com",
    "focusst: focusst.org",
    "fordescape: fordescape.org",
    "fordtough: fordtough.ca",
    "fullsizebronco: fullsizebronco.com",
    "fz07oc: fz07oc.com",
    "g5club: g5club.net",
    "g8board: g8board.com",
    "gacforums: gacforums.com",
    "gminsidenews: gminsidenews.com",
    "goosehuntingchat: goosehuntingchat.com",
    "gt350: gt350.org",
    "halloweenforum: halloweenforum.com",
    "havaneseforum: havaneseforum.com",
    "haytalk: haytalk.com",
    "hdlivewireforum: hdlivewireforum.com",
    "hellcat: hellcat.org",
    "hobbytalk: hobbytalk.com",
    "horseforum: horseforum.com",
    "hotrodders: hotrodders.com",
    "hrvforum: hrvforum.com",
    "hyundaicoupeclub: hyundaicoupeclub.co.uk",
    "icefishingchat: icefishingchat.com",
    "ilxforums: ilxforums.com",
    "indianmotorcycles: indianmotorcycles.net",
    "jeepforum: jeepforum.com",
    "jenkins: unittest",
    "kiaforums: kia-forums.com",
    "liveartist: artistforum.com",
    "maseratilife: maseratilife.com",
    "masterreg: masterreg.com",
    "minitorque: minitorque.com",
    "modeltrainforum: modeltrainforum.com",
    "mondeostoc: mondeostoc.com",
    "motorgeek: motorgeek.com",
    "my: my.is",
    "myfastgti: myfastgti.com",
    "newninja: newninja.com",
    "nissanclub: nissanclub.com",
    "nokiausers: nokiausers.net",
    "olddefender: defenderforums.net",
    "paintballforum: paintballforum.com",
    "palisadeforum: palisadeforum.com",
    "piloteers: piloteers.org",
    "piranhafury: piranha-fury.com",
    "qa: jeepforum.com",
    "r8talk: r8talk.com",
    "ratforum: ratforum.com",
    "rav4world: rav4world.com",
    "scirocconet: scirocconet.co.uk",
    "scramblerforum: scramblerforum.com",
    "seatforum: seat-forum.co.uk",
    "shotgunworld: shotgunworld.com",
    "siennachat: siennachat.com",
    "sitename: sitename.com",
    "slingshotforums: slingshotforums.com",
    "speakev: speakev.com",
    "srtforums: srtforums.com",
    "ssrfanatic: ssrfanatic.com",
    "stingrayforums: stingrayforums.com",
    "subaruforester: subaruforester.org",
    "taurusclub: taurusclub.com",
    "tbssowners: tbssowners.com",
    "tccoa: tccoa.com",
    "test: unittest",
    "thenewx: thenewx.org",
    "theprofilebrotherhood: theprofilebrotherhood.com",
    "tidalfish: tidalfish.com",
    "tractorforum: tractorforum.com",
    "tradtalk: tradtalk.com",
    "trailvoy: trailvoy.com",
    "tundratalk: tundratalk.net",
    "v6z24: v6z24.com",
    "vtwinforum: v-twinforum.com",
  ],
}
`;

exports[`SITES query returns expected result 1`] = `
Object {
  "sites": Array [
    "crxcommunity: crxcommunity.com",
    "hyundaicoupeclub: hyundaicoupeclub.co.uk",
  ],
}
`;
